http://overthewire.org/wargames/bandit/bandit2.html
CTF

level0
ssh bandit0@bandit.labs.overthewire.org
password bandit0
cat readme
boJ9jbbUNNfktd78OOpsqOltutMc3MY1 -> password for level1

level1
ssh bandit1@bandit.labs.overthewire.org
password: boJ9jbbUNNfktd78OOpsqOltutMc3MY1
cat ./-
CV1DtqXWVFXTvM2F0k09SHz0YwRINYA9

level2
ssh bandit2@bandit.labs.overthewire.org
password: CV1DtqXWVFXTvM2F0k09SHz0YwRINYA9
bandit2@melinda:~$ ls
spaces in this filename
bandit2@melinda:~$ cat *
UmHadQclWmgdLOKQ3YNgjWxGoRMb5luK


level3
ssh bandit3@bandit.labs.overthewire.org
passwd: UmHadQclWmgdLOKQ3YNgjWxGoRMb5luK

bandit3@melinda:~$ ls
inhere
bandit3@melinda:~$ cd inhere/
bandit3@melinda:~/inhere$ find
.
./.hidden


bandit3@melinda:~/inhere$ cat .hidden 
pIwrPrtPN36QITSp3EQaw936yaFoFgAB
bandit3@melinda:~/inhere$ 

level4
ssh bandit4@bandit.labs.overthewire.org
password: pIwrPrtPN36QITSp3EQaw936yaFoFgAB
bandit4@melinda:~/inhere$ ls
-file00  -file01  -file02  -file03  -file04  -file05  -file06  -file07  -file08  -file09

level5
ssh bandit5@bandit.labs.overthewire.org
password: koReBOKuIDDepwhWk7jZC0RTdopnAYKh

The password for the next level is stored in a file somewhere under the inhere directory and has all of the following properties: - human-readable - 1033 bytes in size - not executable

melinda:~/inhere$ ls
maybehere00  maybehere03  maybehere06  maybehere09  maybehere12  maybehere15  maybehere18
maybehere01  maybehere04  maybehere07  maybehere10  maybehere13  maybehere16  maybehere19
maybehere02  maybehere05  maybehere08  maybehere11  maybehere14  maybehere17


bandit5@melinda:~/inhere$ find . -size 1033c -> c being 'bytes'
./maybehere07/.file2


bandit5@melinda:~/inhere$ cat ./maybehere07/.file2
DXjZPULLxYr17uwoI01bNLQbtFemEgo7



level6
ssh bandit6@bandit.labs.overthewire.org
password: DXjZPULLxYr17uwoI01bNLQbtFemEgo7

The password for the next level is stored somewhere on the server and has all of the following properties: - owned by user bandit7 - owned by group bandit6 - 33 bytes in size

find / -size 33c -user bandit7 -group bandit6  2>&1 | grep -v "Permission denied"
/var/lib/dpkg/info/bandit7.password
grep -v "Permission denied" -> ignores all "Permission denied" error messages.

bandit6@melinda:/$ cat /var/lib/dpkg/info/bandit7.password
HKBPTKQnIay4Fw76bEy8PVxKEDQRKTzs


level7
ssh bandit7@bandit.labs.overthewire.org
password: HKBPTKQnIay4Fw76bEy8PVxKEDQRKTzs

The password for the next level is stored in the file data.txt next to the word millionth

bandit7@melinda:~$ cat data.txt | grep millionth 
millionth	cvX2JJa4CFALtqS87jk27qwqGhBM9plV



level 8
ssh bandit8@bandit.labs.overthewire.org
password: cvX2JJa4CFALtqS87jk27qwqGhBM9plV

The password for the next level is stored in the file data.txt and is the only line of text that occurs only once

bandit8@melinda:~$ strings data.txt | sort | uniq -c | grep "1 "
1 UsvVyFSfZZWbi6wgC7dAFyFuR6jQQUhR




level 9
ssh bandit9@bandit.labs.overthewire.org
password: UsvVyFSfZZWbi6wgC7dAFyFuR6jQQUhR

The password for the next level is stored in the file data.txt in one of the few human-readable strings, beginning with several ‘=’ characters.

bandit9@melinda:~$ strings data.txt | grep "=" 
epr~F=K
7?YD=
?M=HqAH
/(Ne=
C=_"
I========== the6
z5Y=
`h(8=`
n\H=;
========== password
========== ism
N$=&
l/a=L)
f=C(
========== truKLdjsbJ5g7yyJ2X2R0o3a5HQJFuLk
ie)=5e
bandit9@melinda:~$ 

truKLdjsbJ5g7yyJ2X2R0o3a5HQJFuLk


level 10
ssh bandit10@bandit.labs.overthewire.org
password: truKLdjsbJ5g7yyJ2X2R0o3a5HQJFuLk


The password for the next level is stored in the file data.txt, which contains base64 encoded data

IFukwKGsFW8MOq3IRFqrxE1hxTNEbUPR

bandit10@melinda:~$ base64 -d data.txt 
The password is IFukwKGsFW8MOq3IRFqrxE1hxTNEbUPR


level 11
ssh bandit11@bandit.labs.overthewire.org
password: IFukwKGsFW8MOq3IRFqrxE1hxTNEbUPR

The password for the next level is stored in the file data.txt, where all lowercase (a-z) and uppercase (A-Z) letters have been rotated by 13 positions

cat data.txt
Gur cnffjbeq vf 5Gr8L4qetPEsPk8htqjhRK8XSP6x2RHh

cat data.txt | tr 'a-zA-Z' 'n-za-mN-ZA-M'

tr 'a-zA-Z' 'n-za-mN-ZA-M'
  this is like tr 'abcdefghijklmnopqrstuvwxyzABCDEFGHIJKLMNOPQRSTUVWXYZ' 'nopqrstuvwxyzabcdefghijklmNOPQRSTUVWXYZABCDEFGHIJKLM'


The password is 5Te8Y4drgCRfCx8ugdwuEX8KFC6k2EUu



level 12
ssh bandit12@bandit.labs.overthewire.org
password: 5Te8Y4drgCRfCx8ugdwuEX8KFC6k2EUu













